{
    "description": "full_text search for '-insource:pickles pickles'",
    "path": "wiki\/page\/_search",
    "params": {
        "timeout": "20s",
        "search_type": "dfs_query_then_fetch"
    },
    "query": {
        "_source": [
            "id",
            "title",
            "namespace",
            "redirect.*",
            "timestamp",
            "text_bytes"
        ],
        "fields": "text.word_count",
        "query": {
            "bool": {
                "minimum_number_should_match": 1,
                "should": [
                    {
                        "bool": {
                            "filter": [
                                {
                                    "bool": {
                                        "should": [
                                            {
                                                "match": {
                                                    "all": {
                                                        "query": "pickles",
                                                        "operator": "AND"
                                                    }
                                                }
                                            },
                                            {
                                                "match": {
                                                    "all.plain": {
                                                        "query": "pickles",
                                                        "operator": "AND"
                                                    }
                                                }
                                            }
                                        ]
                                    }
                                }
                            ],
                            "should": [
                                {
                                    "multi_match": {
                                        "query": "pickles",
                                        "boost": 2.3,
                                        "minimum_should_match": "1",
                                        "type": "most_fields",
                                        "fields": [
                                            "title.plain^1",
                                            "title^0.3"
                                        ]
                                    }
                                },
                                {
                                    "multi_match": {
                                        "query": "pickles",
                                        "boost": 1.8,
                                        "minimum_should_match": "1",
                                        "type": "most_fields",
                                        "fields": [
                                            "category.plain^1",
                                            "category^0.3"
                                        ]
                                    }
                                },
                                {
                                    "multi_match": {
                                        "query": "pickles",
                                        "boost": 1.3,
                                        "minimum_should_match": "1",
                                        "type": "most_fields",
                                        "fields": [
                                            "heading.plain^1",
                                            "heading^0.3"
                                        ]
                                    }
                                },
                                {
                                    "multi_match": {
                                        "query": "pickles",
                                        "boost": 0.2,
                                        "minimum_should_match": "1",
                                        "type": "most_fields",
                                        "fields": [
                                            "auxiliary_text.plain^1",
                                            "auxiliary_text^0.3"
                                        ]
                                    }
                                },
                                {
                                    "multi_match": {
                                        "query": "pickles",
                                        "boost": 0.2,
                                        "minimum_should_match": "1",
                                        "type": "most_fields",
                                        "fields": [
                                            "file_text.plain^1",
                                            "file_text^0.3"
                                        ]
                                    }
                                },
                                {
                                    "dis_max": {
                                        "queries": [
                                            {
                                                "multi_match": {
                                                    "query": "pickles",
                                                    "boost": 2,
                                                    "minimum_should_match": "1",
                                                    "type": "most_fields",
                                                    "fields": [
                                                        "redirect.title.plain^1",
                                                        "redirect.title^0.3"
                                                    ]
                                                }
                                            },
                                            {
                                                "multi_match": {
                                                    "query": "pickles",
                                                    "boost": 2.1,
                                                    "minimum_should_match": "1",
                                                    "type": "most_fields",
                                                    "fields": [
                                                        "suggest"
                                                    ]
                                                }
                                            }
                                        ]
                                    }
                                },
                                {
                                    "dis_max": {
                                        "tie_breaker": 0.2,
                                        "queries": [
                                            {
                                                "multi_match": {
                                                    "query": "pickles",
                                                    "boost": 0.4,
                                                    "minimum_should_match": "1",
                                                    "type": "most_fields",
                                                    "fields": [
                                                        "text.plain^1",
                                                        "text^0.3"
                                                    ]
                                                }
                                            },
                                            {
                                                "multi_match": {
                                                    "query": "pickles",
                                                    "boost": 0.5,
                                                    "minimum_should_match": "1",
                                                    "type": "most_fields",
                                                    "fields": [
                                                        "opening_text.plain^1",
                                                        "opening_text^0.3"
                                                    ]
                                                }
                                            }
                                        ]
                                    }
                                }
                            ],
                            "disable_coord": true
                        }
                    },
                    {
                        "multi_match": {
                            "fields": [
                                "all_near_match^2"
                            ],
                            "query": "pickles"
                        }
                    }
                ],
                "filter": [
                    {
                        "bool": {
                            "must": [
                                {
                                    "terms": {
                                        "namespace": [
                                            0,
                                            1,
                                            2,
                                            3
                                        ]
                                    }
                                }
                            ],
                            "must_not": [
                                {
                                    "query_string": {
                                        "query": "pickles",
                                        "fields": [
                                            "source_text.plain"
                                        ],
                                        "default_operator": "AND",
                                        "allow_leading_wildcard": true,
                                        "fuzzy_prefix_length": 2,
                                        "rewrite": "top_terms_boost_1024"
                                    }
                                }
                            ]
                        }
                    }
                ]
            }
        },
        "highlight": {
            "pre_tags": [
                "<span class=\"searchmatch\">"
            ],
            "post_tags": [
                "<\/span>"
            ],
            "fields": {
                "source_text.plain": {
                    "type": "experimental",
                    "number_of_fragments": 1,
                    "fragmenter": "scan",
                    "fragment_size": 150,
                    "options": {
                        "top_scoring": true,
                        "boost_before": {
                            "20": 2,
                            "50": 1.8,
                            "200": 1.5,
                            "1000": 1.2
                        },
                        "max_fragments_scored": 5000
                    },
                    "no_match_size": 150,
                    "highlight_query": {
                        "bool": {
                            "should": [
                                {
                                    "query_string": {
                                        "query": "pickles",
                                        "fields": [
                                            "source_text.plain"
                                        ],
                                        "default_operator": "AND",
                                        "allow_leading_wildcard": true,
                                        "fuzzy_prefix_length": 2,
                                        "rewrite": "top_terms_boost_1024"
                                    }
                                }
                            ]
                        }
                    }
                }
            },
            "highlight_query": {
                "query_string": {
                    "query": "pickles",
                    "fields": [
                        "title.plain^20",
                        "redirect.title.plain^15",
                        "category.plain^8",
                        "heading.plain^5",
                        "opening_text.plain^3",
                        "text.plain^1",
                        "auxiliary_text.plain^0.5",
                        "title^10",
                        "redirect.title^7.5",
                        "category^4",
                        "heading^2.5",
                        "opening_text^1.5",
                        "text^0.5",
                        "auxiliary_text^0.25"
                    ],
                    "auto_generate_phrase_queries": true,
                    "phrase_slop": 1,
                    "default_operator": "OR",
                    "allow_leading_wildcard": true,
                    "fuzzy_prefix_length": 2,
                    "rewrite": "top_terms_blended_freqs_1024",
                    "max_determinized_states": 500
                }
            }
        },
        "suggest": {
            "text": "pickles",
            "suggest": {
                "phrase": {
                    "field": "suggest",
                    "size": 1,
                    "max_errors": 2,
                    "confidence": 2,
                    "real_word_error_likelihood": 0.95,
                    "direct_generator": [
                        {
                            "field": "suggest",
                            "suggest_mode": "always",
                            "max_term_freq": 0.5,
                            "min_doc_freq": 0,
                            "prefix_length": 2
                        },
                        {
                            "field": "suggest.reverse",
                            "suggest_mode": "always",
                            "max_term_freq": 0.5,
                            "min_doc_freq": 0,
                            "prefix_length": 2,
                            "pre_filter": "token_reverse",
                            "post_filter": "token_reverse"
                        }
                    ],
                    "highlight": {
                        "pre_tag": "<em>",
                        "post_tag": "<\/em>"
                    },
                    "smoothing": {
                        "stupid_backoff": {
                            "discount": 0.4
                        }
                    }
                }
            }
        },
        "stats": [
            "suggest",
            "full_text"
        ],
        "size": 20,
        "rescore": [
            {
                "window_size": 8192,
                "query": {
                    "query_weight": 1,
                    "rescore_query_weight": 1,
                    "score_mode": "multiply",
                    "rescore_query": {
                        "function_score": {
                            "functions": [
                                {
                                    "field_value_factor": {
                                        "field": "incoming_links",
                                        "modifier": "log2p",
                                        "missing": 0
                                    }
                                },
                                {
                                    "weight": "0.25",
                                    "filter": {
                                        "terms": {
                                            "namespace": [
                                                1
                                            ]
                                        }
                                    }
                                },
                                {
                                    "weight": "0.05",
                                    "filter": {
                                        "terms": {
                                            "namespace": [
                                                2
                                            ]
                                        }
                                    }
                                },
                                {
                                    "weight": "0.0125",
                                    "filter": {
                                        "terms": {
                                            "namespace": [
                                                3
                                            ]
                                        }
                                    }
                                }
                            ]
                        }
                    }
                }
            }
        ]
    },
    "options": {
        "timeout": "20s",
        "search_type": "dfs_query_then_fetch"
    }
}