{
    "description": "full_text search for 'insource:keyword'",
    "path": "wiki\/page\/_search",
    "params": {
        "search_type": "dfs_query_then_fetch",
        "timeout": "20s"
    },
    "query": {
        "_source": [
            "id",
            "title",
            "namespace",
            "redirect.*",
            "timestamp",
            "text_bytes"
        ],
        "fields": "text.word_count",
        "query": {
            "bool": {
                "must": [
                    {
                        "match_all": {}
                    }
                ],
                "filter": [
                    {
                        "bool": {
                            "must": [
                                {
                                    "query_string": {
                                        "query": "keyword",
                                        "fields": [
                                            "source_text.plain"
                                        ],
                                        "default_operator": "AND",
                                        "allow_leading_wildcard": true,
                                        "fuzzy_prefix_length": 2,
                                        "rewrite": "top_terms_boost_1024"
                                    }
                                },
                                {
                                    "terms": {
                                        "namespace": [
                                            0,
                                            1,
                                            2,
                                            3
                                        ]
                                    }
                                }
                            ]
                        }
                    }
                ]
            }
        },
        "highlight": {
            "pre_tags": [
                "<span class=\"searchmatch\">"
            ],
            "post_tags": [
                "<\/span>"
            ],
            "fields": {
                "source_text.plain": {
                    "type": "experimental",
                    "number_of_fragments": 1,
                    "fragmenter": "scan",
                    "fragment_size": 150,
                    "options": {
                        "top_scoring": true,
                        "boost_before": {
                            "20": 2,
                            "50": 1.8,
                            "200": 1.5,
                            "1000": 1.2
                        },
                        "max_fragments_scored": 5000
                    },
                    "no_match_size": 150,
                    "highlight_query": {
                        "bool": {
                            "should": [
                                {
                                    "query_string": {
                                        "query": "keyword",
                                        "fields": [
                                            "source_text.plain"
                                        ],
                                        "default_operator": "AND",
                                        "allow_leading_wildcard": true,
                                        "fuzzy_prefix_length": 2,
                                        "rewrite": "top_terms_boost_1024"
                                    }
                                }
                            ]
                        }
                    }
                }
            }
        },
        "size": 20,
        "rescore": [
            {
                "window_size": 8192,
                "query": {
                    "query_weight": 1,
                    "rescore_query_weight": 1,
                    "score_mode": "multiply",
                    "rescore_query": {
                        "function_score": {
                            "functions": [
                                {
                                    "field_value_factor": {
                                        "field": "incoming_links",
                                        "modifier": "log2p",
                                        "missing": 0
                                    }
                                },
                                {
                                    "weight": "0.25",
                                    "filter": {
                                        "terms": {
                                            "namespace": [
                                                1
                                            ]
                                        }
                                    }
                                },
                                {
                                    "weight": "0.05",
                                    "filter": {
                                        "terms": {
                                            "namespace": [
                                                2
                                            ]
                                        }
                                    }
                                },
                                {
                                    "weight": "0.0125",
                                    "filter": {
                                        "terms": {
                                            "namespace": [
                                                3
                                            ]
                                        }
                                    }
                                }
                            ]
                        }
                    }
                }
            }
        ],
        "stats": [
            "full_text"
        ]
    },
    "options": {
        "search_type": "dfs_query_then_fetch",
        "timeout": "20s"
    }
}